[     183ms] [INFO] %cDownload the React DevTools for a better development experience: https://react.dev/link/react-devtools font-weight:bold @ webpack-internal:///(app-pages-browser)/./node_modules/next/dist/compiled/react-dom/cjs/react-dom-client.development.js:24650
[     491ms] [ERROR] Failed to load resource: the server responded with a status of 404 (Not Found) @ http://localhost:3000/favicon.ico:0
[    4648ms] [LOG] [Fast Refresh] rebuilding @ webpack-internal:///(app-pages-browser)/./node_modules/next/dist/client/components/react-dev-overlay/app/hot-reloader-client.js:240
[    4705ms] [LOG] [Fast Refresh] rebuilding @ webpack-internal:///(app-pages-browser)/./node_modules/next/dist/client/components/react-dev-overlay/app/hot-reloader-client.js:240
[    4709ms] [LOG] [Fast Refresh] done in 3ms @ webpack-internal:///(app-pages-browser)/./node_modules/next/dist/client/components/react-dev-overlay/app/hot-reloader-client.js:67
[    4750ms] [LOG] [Fast Refresh] done in 45ms @ webpack-internal:///(app-pages-browser)/./node_modules/next/dist/client/components/react-dev-overlay/app/hot-reloader-client.js:67
[   12293ms] [LOG] [Fast Refresh] rebuilding @ webpack-internal:///(app-pages-browser)/./node_modules/next/dist/client/components/react-dev-overlay/app/hot-reloader-client.js:240
[   12326ms] [LOG] [Fast Refresh] done in 34ms @ webpack-internal:///(app-pages-browser)/./node_modules/next/dist/client/components/react-dev-overlay/app/hot-reloader-client.js:67
[   22576ms] [LOG] [Fast Refresh] rebuilding @ webpack-internal:///(app-pages-browser)/./node_modules/next/dist/client/components/react-dev-overlay/app/hot-reloader-client.js:240
[   22618ms] [LOG] [Fast Refresh] done in 41ms @ webpack-internal:///(app-pages-browser)/./node_modules/next/dist/client/components/react-dev-overlay/app/hot-reloader-client.js:67
[   22729ms] [LOG] [Fast Refresh] rebuilding @ webpack-internal:///(app-pages-browser)/./node_modules/next/dist/client/components/react-dev-overlay/app/hot-reloader-client.js:240
[   22760ms] [LOG] [Fast Refresh] done in 32ms @ webpack-internal:///(app-pages-browser)/./node_modules/next/dist/client/components/react-dev-overlay/app/hot-reloader-client.js:67
[   28086ms] [LOG] [Fast Refresh] rebuilding @ webpack-internal:///(app-pages-browser)/./node_modules/next/dist/client/components/react-dev-overlay/app/hot-reloader-client.js:240
[   28119ms] [LOG] [Fast Refresh] done in 34ms @ webpack-internal:///(app-pages-browser)/./node_modules/next/dist/client/components/react-dev-overlay/app/hot-reloader-client.js:67
[   39862ms] [LOG] [Fast Refresh] rebuilding @ webpack-internal:///(app-pages-browser)/./node_modules/next/dist/client/components/react-dev-overlay/app/hot-reloader-client.js:240
[   39894ms] [LOG] [Fast Refresh] done in 33ms @ webpack-internal:///(app-pages-browser)/./node_modules/next/dist/client/components/react-dev-overlay/app/hot-reloader-client.js:67
[   39913ms] [LOG] [Fast Refresh] rebuilding @ webpack-internal:///(app-pages-browser)/./node_modules/next/dist/client/components/react-dev-overlay/app/hot-reloader-client.js:240
[   39944ms] [LOG] [Fast Refresh] done in 30ms @ webpack-internal:///(app-pages-browser)/./node_modules/next/dist/client/components/react-dev-overlay/app/hot-reloader-client.js:67
[   40014ms] [LOG] [Fast Refresh] rebuilding @ webpack-internal:///(app-pages-browser)/./node_modules/next/dist/client/components/react-dev-overlay/app/hot-reloader-client.js:240
[   40059ms] [LOG] [Fast Refresh] done in 45ms @ webpack-internal:///(app-pages-browser)/./node_modules/next/dist/client/components/react-dev-overlay/app/hot-reloader-client.js:67
[   45969ms] [LOG] [Fast Refresh] rebuilding @ webpack-internal:///(app-pages-browser)/./node_modules/next/dist/client/components/react-dev-overlay/app/hot-reloader-client.js:240
[   46009ms] [LOG] [Fast Refresh] done in 40ms @ webpack-internal:///(app-pages-browser)/./node_modules/next/dist/client/components/react-dev-overlay/app/hot-reloader-client.js:67
[   46019ms] [LOG] [Fast Refresh] rebuilding @ webpack-internal:///(app-pages-browser)/./node_modules/next/dist/client/components/react-dev-overlay/app/hot-reloader-client.js:240
[   46057ms] [LOG] [Fast Refresh] done in 37ms @ webpack-internal:///(app-pages-browser)/./node_modules/next/dist/client/components/react-dev-overlay/app/hot-reloader-client.js:67
[   46121ms] [LOG] [Fast Refresh] rebuilding @ webpack-internal:///(app-pages-browser)/./node_modules/next/dist/client/components/react-dev-overlay/app/hot-reloader-client.js:240
[   46152ms] [LOG] [Fast Refresh] done in 31ms @ webpack-internal:///(app-pages-browser)/./node_modules/next/dist/client/components/react-dev-overlay/app/hot-reloader-client.js:67
[   55585ms] [LOG] [Fast Refresh] rebuilding @ webpack-internal:///(app-pages-browser)/./node_modules/next/dist/client/components/react-dev-overlay/app/hot-reloader-client.js:240
[   55627ms] [LOG] [Fast Refresh] done in 41ms @ webpack-internal:///(app-pages-browser)/./node_modules/next/dist/client/components/react-dev-overlay/app/hot-reloader-client.js:67
[   55635ms] [LOG] [Fast Refresh] rebuilding @ webpack-internal:///(app-pages-browser)/./node_modules/next/dist/client/components/react-dev-overlay/app/hot-reloader-client.js:240
[   55761ms] [LOG] [Fast Refresh] rebuilding @ webpack-internal:///(app-pages-browser)/./node_modules/next/dist/client/components/react-dev-overlay/app/hot-reloader-client.js:240
[   55797ms] [LOG] [Fast Refresh] done in 37ms @ webpack-internal:///(app-pages-browser)/./node_modules/next/dist/client/components/react-dev-overlay/app/hot-reloader-client.js:67
[   55957ms] [LOG] [Fast Refresh] rebuilding @ webpack-internal:///(app-pages-browser)/./node_modules/next/dist/client/components/react-dev-overlay/app/hot-reloader-client.js:240
[   55957ms] [ERROR] Failed to load resource: the server responded with a status of 404 (Not Found) @ http://localhost:3000/_next/static/css/app/layout.css?v=1779415345674:0
[   55962ms] [LOG] [Fast Refresh] done in 5ms @ webpack-internal:///(app-pages-browser)/./node_modules/next/dist/client/components/react-dev-overlay/app/hot-reloader-client.js:67
[   56005ms] [LOG] [Fast Refresh] rebuilding @ webpack-internal:///(app-pages-browser)/./node_modules/next/dist/client/components/react-dev-overlay/app/hot-reloader-client.js:240
[   56008ms] [LOG] [Fast Refresh] done in 4ms @ webpack-internal:///(app-pages-browser)/./node_modules/next/dist/client/components/react-dev-overlay/app/hot-reloader-client.js:67
[   56411ms] [LOG] [Fast Refresh] done in 407ms @ webpack-internal:///(app-pages-browser)/./node_modules/next/dist/client/components/react-dev-overlay/app/hot-reloader-client.js:67
[   56663ms] [ERROR] Failed to load resource: the server responded with a status of 500 (Internal Server Error) @ http://localhost:3000/?_rsc=1oqwi:0
[   56889ms] [ERROR] Failed to load resource: the server responded with a status of 500 (Internal Server Error) @ http://localhost:3000/?_rsc=1oqwi:0
[   57126ms] [ERROR] Failed to load resource: the server responded with a status of 500 (Internal Server Error) @ http://localhost:3000/?_rsc=1oqwi:0
[   57363ms] [ERROR] Failed to load resource: the server responded with a status of 500 (Internal Server Error) @ http://localhost:3000/?_rsc=1oqwi:0
[   57598ms] [ERROR] Failed to load resource: the server responded with a status of 500 (Internal Server Error) @ http://localhost:3000/:0
[   57750ms] [INFO] %cDownload the React DevTools for a better development experience: https://react.dev/link/react-devtools font-weight:bold @ webpack-internal:///./node_modules/react-dom/cjs/react-dom-client.development.js:28004
[   57770ms] Error: Cannot find module './403.js'
Require stack:
- /Users/zhaoqing/Documents/Develop/welean-portal/.next/server/webpack-runtime.js
- /Users/zhaoqing/Documents/Develop/welean-portal/.next/server/pages/_document.js
- /Users/zhaoqing/Documents/Develop/welean-portal/node_modules/next/dist/server/require.js
- /Users/zhaoqing/Documents/Develop/welean-portal/node_modules/next/dist/server/load-components.js
- /Users/zhaoqing/Documents/Develop/welean-portal/node_modules/next/dist/build/utils.js
- /Users/zhaoqing/Documents/Develop/welean-portal/node_modules/next/dist/build/swc/options.js
- /Users/zhaoqing/Documents/Develop/welean-portal/node_modules/next/dist/build/swc/index.js
- /Users/zhaoqing/Documents/Develop/welean-portal/node_modules/next/dist/build/next-config-ts/transpile-config.js
- /Users/zhaoqing/Documents/Develop/welean-portal/node_modules/next/dist/server/config.js
- /Users/zhaoqing/Documents/Develop/welean-portal/node_modules/next/dist/server/next.js
- /Users/zhaoqing/Documents/Develop/welean-portal/node_modules/next/dist/server/lib/start-server.js
    at Module._resolveFilename (node:internal/modules/cjs/loader:1447:15)
    at <unknown> (file:///Users/zhaoqing/Documents/Develop/welean-portal/node_modules/next/dist/server/require-hook.js:55:36)
    at defaultResolveImpl (node:internal/modules/cjs/loader:1058:19)
    at resolveForCJSWithHooks (node:internal/modules/cjs/loader:1063:22)
    at Module._load (node:internal/modules/cjs/loader:1233:25)
    at TracingChannel.traceSync (node:diagnostics_channel:328:14)
    at wrapModuleLoad (node:internal/modules/cjs/loader:245:24)
    at Module.require (node:internal/modules/cjs/loader:1547:12)
    at mod.require (file:///Users/zhaoqing/Documents/Develop/welean-portal/node_modules/next/dist/server/require-hook.js:65:28)
    at require (node:internal/modules/helpers:152:16)
    at __webpack_require__.f.require (file:///Users/zhaoqing/Documents/Develop/welean-portal/.next/server/webpack-runtime.js:198:28)
    at <unknown> (file:///Users/zhaoqing/Documents/Develop/welean-portal/.next/server/webpack-runtime.js:111:40)
    at Array.reduce (<anonymous>)
    at __webpack_require__.e (file:///Users/zhaoqing/Documents/Develop/welean-portal/.next/server/webpack-runtime.js:110:67)
    at Array.map (<anonymous>)
    at __webpack_require__.X (file:///Users/zhaoqing/Documents/Develop/welean-portal/.next/server/webpack-runtime.js:162:22)
    at <unknown> (file:///Users/zhaoqing/Documents/Develop/welean-portal/.next/server/app/page.js:1:10037)
    at Object.<anonymous> (file:///Users/zhaoqing/Documents/Develop/welean-portal/.next/server/app/page.js:1:10078)
    at Module._compile (node:internal/modules/cjs/loader:1803:14)
    at Module._extensions..js (node:internal/modules/cjs/loader:1934:10)
    at Module.load (node:internal/modules/cjs/loader:1524:32)
    at Module._load (node:internal/modules/cjs/loader:1326:12)
    at TracingChannel.traceSync (node:diagnostics_channel:328:14)
    at wrapModuleLoad (node:internal/modules/cjs/loader:245:24)
    at Module.require (node:internal/modules/cjs/loader:1547:12)
    at mod.require (file:///Users/zhaoqing/Documents/Develop/welean-portal/node_modules/next/dist/server/require-hook.js:65:28)
    at require (node:internal/modules/helpers:152:16)
    at requirePage (file:///Users/zhaoqing/Documents/Develop/welean-portal/node_modules/next/dist/server/require.js:103:84)
    at loadComponentsImpl (file:///Users/zhaoqing/Documents/Develop/welean-portal/node_modules/next/dist/server/load-components.js:107:57)
    at async DevServer.findPageComponentsImpl (file:///Users/zhaoqing/Documents/Develop/welean-portal/node_modules/next/dist/server/next-server.js:745:36)
    at async DevServer.findPageComponents (file:///Users/zhaoqing/Documents/Develop/welean-portal/node_modules/next/dist/server/dev/next-dev-server.js:610:20)
    at async DevServer.renderPageComponent (file:///Users/zhaoqing/Documents/Develop/welean-portal/node_modules/next/dist/server/base-server.js:2246:24)
    at async DevServer.renderToResponseImpl (file:///Users/zhaoqing/Documents/Develop/welean-portal/node_modules/next/dist/server/base-server.js:2297:32)
    at async DevServer.pipeImpl (file:///Users/zhaoqing/Documents/Develop/welean-portal/node_modules/next/dist/server/base-server.js:959:25)
    at async NextNodeServer.handleCatchallRenderRequest (file:///Users/zhaoqing/Documents/Develop/welean-portal/node_modules/next/dist/server/next-server.js:281:17)
    at async DevServer.handleRequestImpl (file:///Users/zhaoqing/Documents/Develop/welean-portal/node_modules/next/dist/server/base-server.js:853:17)
    at async (file:///Users/zhaoqing/Documents/Develop/welean-portal/node_modules/next/dist/server/dev/next-dev-server.js:371:20)
    at async Span.traceAsyncFn (file:///Users/zhaoqing/Documents/Develop/welean-portal/node_modules/next/dist/trace/trace.js:153:20)
    at async DevServer.handleRequest (file:///Users/zhaoqing/Documents/Develop/welean-portal/node_modules/next/dist/server/dev/next-dev-server.js:368:24)
    at async invokeRender (file:///Users/zhaoqing/Documents/Develop/welean-portal/node_modules/next/dist/server/lib/router-server.js:230:21)
    at async handleRequest (file:///Users/zhaoqing/Documents/Develop/welean-portal/node_modules/next/dist/server/lib/router-server.js:408:24)
    at async requestHandlerImpl (file:///Users/zhaoqing/Documents/Develop/welean-portal/node_modules/next/dist/server/lib/router-server.js:432:13)
    at async Server.requestListener (file:///Users/zhaoqing/Documents/Develop/welean-portal/node_modules/next/dist/server/lib/start-server.js:146:13)
[   57768ms] [LOG] [HMR] connected @ webpack-internal:///./node_modules/next/dist/client/components/react-dev-overlay/pages/websocket.js:41
[   61028ms] [LOG] [Fast Refresh] rebuilding @ webpack-internal:///./node_modules/next/dist/client/components/react-dev-overlay/pages/hot-reloader-client.js:221
[   61078ms] [WARNING] [Fast Refresh] performing full reload because your application had an unrecoverable error @ webpack-internal:///./node_modules/next/dist/client/components/react-dev-overlay/pages/hot-reloader-client.js:352
[   61316ms] [ERROR] Failed to load resource: the server responded with a status of 500 (Internal Server Error) @ http://localhost:3000/:0
[   61408ms] [INFO] %cDownload the React DevTools for a better development experience: https://react.dev/link/react-devtools font-weight:bold @ webpack-internal:///./node_modules/react-dom/cjs/react-dom-client.development.js:28004
[   61414ms] Error: Cannot find module './403.js'
Require stack:
- /Users/zhaoqing/Documents/Develop/welean-portal/.next/server/webpack-runtime.js
- /Users/zhaoqing/Documents/Develop/welean-portal/.next/server/pages/_document.js
- /Users/zhaoqing/Documents/Develop/welean-portal/node_modules/next/dist/server/require.js
- /Users/zhaoqing/Documents/Develop/welean-portal/node_modules/next/dist/server/load-components.js
- /Users/zhaoqing/Documents/Develop/welean-portal/node_modules/next/dist/build/utils.js
- /Users/zhaoqing/Documents/Develop/welean-portal/node_modules/next/dist/build/swc/options.js
- /Users/zhaoqing/Documents/Develop/welean-portal/node_modules/next/dist/build/swc/index.js
- /Users/zhaoqing/Documents/Develop/welean-portal/node_modules/next/dist/build/next-config-ts/transpile-config.js
- /Users/zhaoqing/Documents/Develop/welean-portal/node_modules/next/dist/server/config.js
- /Users/zhaoqing/Documents/Develop/welean-portal/node_modules/next/dist/server/next.js
- /Users/zhaoqing/Documents/Develop/welean-portal/node_modules/next/dist/server/lib/start-server.js
    at Module._resolveFilename (node:internal/modules/cjs/loader:1447:15)
    at <unknown> (file:///Users/zhaoqing/Documents/Develop/welean-portal/node_modules/next/dist/server/require-hook.js:55:36)
    at defaultResolveImpl (node:internal/modules/cjs/loader:1058:19)
    at resolveForCJSWithHooks (node:internal/modules/cjs/loader:1063:22)
    at Module._load (node:internal/modules/cjs/loader:1233:25)
    at TracingChannel.traceSync (node:diagnostics_channel:328:14)
    at wrapModuleLoad (node:internal/modules/cjs/loader:245:24)
    at Module.require (node:internal/modules/cjs/loader:1547:12)
    at mod.require (file:///Users/zhaoqing/Documents/Develop/welean-portal/node_modules/next/dist/server/require-hook.js:65:28)
    at require (node:internal/modules/helpers:152:16)
    at __webpack_require__.f.require (file:///Users/zhaoqing/Documents/Develop/welean-portal/.next/server/webpack-runtime.js:198:28)
    at <unknown> (file:///Users/zhaoqing/Documents/Develop/welean-portal/.next/server/webpack-runtime.js:111:40)
    at Array.reduce (<anonymous>)
    at __webpack_require__.e (file:///Users/zhaoqing/Documents/Develop/welean-portal/.next/server/webpack-runtime.js:110:67)
    at Array.map (<anonymous>)
    at __webpack_require__.X (file:///Users/zhaoqing/Documents/Develop/welean-portal/.next/server/webpack-runtime.js:162:22)
    at <unknown> (file:///Users/zhaoqing/Documents/Develop/welean-portal/.next/server/app/page.js:1:10037)
    at Object.<anonymous> (file:///Users/zhaoqing/Documents/Develop/welean-portal/.next/server/app/page.js:1:10078)
    at Module._compile (node:internal/modules/cjs/loader:1803:14)
    at Module._extensions..js (node:internal/modules/cjs/loader:1934:10)
    at Module.load (node:internal/modules/cjs/loader:1524:32)
    at Module._load (node:internal/modules/cjs/loader:1326:12)
    at TracingChannel.traceSync (node:diagnostics_channel:328:14)
    at wrapModuleLoad (node:internal/modules/cjs/loader:245:24)
    at Module.require (node:internal/modules/cjs/loader:1547:12)
    at mod.require (file:///Users/zhaoqing/Documents/Develop/welean-portal/node_modules/next/dist/server/require-hook.js:65:28)
    at require (node:internal/modules/helpers:152:16)
    at requirePage (file:///Users/zhaoqing/Documents/Develop/welean-portal/node_modules/next/dist/server/require.js:103:84)
    at loadComponentsImpl (file:///Users/zhaoqing/Documents/Develop/welean-portal/node_modules/next/dist/server/load-components.js:107:57)
    at async DevServer.findPageComponentsImpl (file:///Users/zhaoqing/Documents/Develop/welean-portal/node_modules/next/dist/server/next-server.js:745:36)
    at async DevServer.findPageComponents (file:///Users/zhaoqing/Documents/Develop/welean-portal/node_modules/next/dist/server/dev/next-dev-server.js:610:20)
    at async DevServer.renderPageComponent (file:///Users/zhaoqing/Documents/Develop/welean-portal/node_modules/next/dist/server/base-server.js:2246:24)
    at async DevServer.renderToResponseImpl (file:///Users/zhaoqing/Documents/Develop/welean-portal/node_modules/next/dist/server/base-server.js:2297:32)
    at async DevServer.pipeImpl (file:///Users/zhaoqing/Documents/Develop/welean-portal/node_modules/next/dist/server/base-server.js:959:25)
    at async NextNodeServer.handleCatchallRenderRequest (file:///Users/zhaoqing/Documents/Develop/welean-portal/node_modules/next/dist/server/next-server.js:281:17)
    at async DevServer.handleRequestImpl (file:///Users/zhaoqing/Documents/Develop/welean-portal/node_modules/next/dist/server/base-server.js:853:17)
    at async (file:///Users/zhaoqing/Documents/Develop/welean-portal/node_modules/next/dist/server/dev/next-dev-server.js:371:20)
    at async Span.traceAsyncFn (file:///Users/zhaoqing/Documents/Develop/welean-portal/node_modules/next/dist/trace/trace.js:153:20)
    at async DevServer.handleRequest (file:///Users/zhaoqing/Documents/Develop/welean-portal/node_modules/next/dist/server/dev/next-dev-server.js:368:24)
    at async invokeRender (file:///Users/zhaoqing/Documents/Develop/welean-portal/node_modules/next/dist/server/lib/router-server.js:230:21)
    at async handleRequest (file:///Users/zhaoqing/Documents/Develop/welean-portal/node_modules/next/dist/server/lib/router-server.js:408:24)
    at async requestHandlerImpl (file:///Users/zhaoqing/Documents/Develop/welean-portal/node_modules/next/dist/server/lib/router-server.js:432:13)
    at async Server.requestListener (file:///Users/zhaoqing/Documents/Develop/welean-portal/node_modules/next/dist/server/lib/start-server.js:146:13)
[   61415ms] [LOG] [HMR] connected @ webpack-internal:///./node_modules/next/dist/client/components/react-dev-overlay/pages/websocket.js:41
[   67221ms] [LOG] [Fast Refresh] rebuilding @ webpack-internal:///./node_modules/next/dist/client/components/react-dev-overlay/pages/hot-reloader-client.js:221
[   67281ms] [WARNING] [Fast Refresh] performing full reload because your application had an unrecoverable error @ webpack-internal:///./node_modules/next/dist/client/components/react-dev-overlay/pages/hot-reloader-client.js:352
[   67515ms] [ERROR] Failed to load resource: the server responded with a status of 500 (Internal Server Error) @ http://localhost:3000/:0
[   67606ms] [INFO] %cDownload the React DevTools for a better development experience: https://react.dev/link/react-devtools font-weight:bold @ webpack-internal:///./node_modules/react-dom/cjs/react-dom-client.development.js:28004
[   67610ms] Error: Cannot find module './403.js'
Require stack:
- /Users/zhaoqing/Documents/Develop/welean-portal/.next/server/webpack-runtime.js
- /Users/zhaoqing/Documents/Develop/welean-portal/.next/server/pages/_document.js
- /Users/zhaoqing/Documents/Develop/welean-portal/node_modules/next/dist/server/require.js
- /Users/zhaoqing/Documents/Develop/welean-portal/node_modules/next/dist/server/load-components.js
- /Users/zhaoqing/Documents/Develop/welean-portal/node_modules/next/dist/build/utils.js
- /Users/zhaoqing/Documents/Develop/welean-portal/node_modules/next/dist/build/swc/options.js
- /Users/zhaoqing/Documents/Develop/welean-portal/node_modules/next/dist/build/swc/index.js
- /Users/zhaoqing/Documents/Develop/welean-portal/node_modules/next/dist/build/next-config-ts/transpile-config.js
- /Users/zhaoqing/Documents/Develop/welean-portal/node_modules/next/dist/server/config.js
- /Users/zhaoqing/Documents/Develop/welean-portal/node_modules/next/dist/server/next.js
- /Users/zhaoqing/Documents/Develop/welean-portal/node_modules/next/dist/server/lib/start-server.js
    at Module._resolveFilename (node:internal/modules/cjs/loader:1447:15)
    at <unknown> (file:///Users/zhaoqing/Documents/Develop/welean-portal/node_modules/next/dist/server/require-hook.js:55:36)
    at defaultResolveImpl (node:internal/modules/cjs/loader:1058:19)
    at resolveForCJSWithHooks (node:internal/modules/cjs/loader:1063:22)
    at Module._load (node:internal/modules/cjs/loader:1233:25)
    at TracingChannel.traceSync (node:diagnostics_channel:328:14)
    at wrapModuleLoad (node:internal/modules/cjs/loader:245:24)
    at Module.require (node:internal/modules/cjs/loader:1547:12)
    at mod.require (file:///Users/zhaoqing/Documents/Develop/welean-portal/node_modules/next/dist/server/require-hook.js:65:28)
    at require (node:internal/modules/helpers:152:16)
    at __webpack_require__.f.require (file:///Users/zhaoqing/Documents/Develop/welean-portal/.next/server/webpack-runtime.js:198:28)
    at <unknown> (file:///Users/zhaoqing/Documents/Develop/welean-portal/.next/server/webpack-runtime.js:111:40)
    at Array.reduce (<anonymous>)
    at __webpack_require__.e (file:///Users/zhaoqing/Documents/Develop/welean-portal/.next/server/webpack-runtime.js:110:67)
    at Array.map (<anonymous>)
    at __webpack_require__.X (file:///Users/zhaoqing/Documents/Develop/welean-portal/.next/server/webpack-runtime.js:162:22)
    at <unknown> (file:///Users/zhaoqing/Documents/Develop/welean-portal/.next/server/app/page.js:1:10037)
    at Object.<anonymous> (file:///Users/zhaoqing/Documents/Develop/welean-portal/.next/server/app/page.js:1:10078)
    at Module._compile (node:internal/modules/cjs/loader:1803:14)
    at Module._extensions..js (node:internal/modules/cjs/loader:1934:10)
    at Module.load (node:internal/modules/cjs/loader:1524:32)
    at Module._load (node:internal/modules/cjs/loader:1326:12)
    at TracingChannel.traceSync (node:diagnostics_channel:328:14)
    at wrapModuleLoad (node:internal/modules/cjs/loader:245:24)
    at Module.require (node:internal/modules/cjs/loader:1547:12)
    at mod.require (file:///Users/zhaoqing/Documents/Develop/welean-portal/node_modules/next/dist/server/require-hook.js:65:28)
    at require (node:internal/modules/helpers:152:16)
    at requirePage (file:///Users/zhaoqing/Documents/Develop/welean-portal/node_modules/next/dist/server/require.js:103:84)
    at loadComponentsImpl (file:///Users/zhaoqing/Documents/Develop/welean-portal/node_modules/next/dist/server/load-components.js:107:57)
    at async DevServer.findPageComponentsImpl (file:///Users/zhaoqing/Documents/Develop/welean-portal/node_modules/next/dist/server/next-server.js:745:36)
    at async DevServer.findPageComponents (file:///Users/zhaoqing/Documents/Develop/welean-portal/node_modules/next/dist/server/dev/next-dev-server.js:610:20)
    at async DevServer.renderPageComponent (file:///Users/zhaoqing/Documents/Develop/welean-portal/node_modules/next/dist/server/base-server.js:2246:24)
    at async DevServer.renderToResponseImpl (file:///Users/zhaoqing/Documents/Develop/welean-portal/node_modules/next/dist/server/base-server.js:2297:32)
    at async DevServer.pipeImpl (file:///Users/zhaoqing/Documents/Develop/welean-portal/node_modules/next/dist/server/base-server.js:959:25)
    at async NextNodeServer.handleCatchallRenderRequest (file:///Users/zhaoqing/Documents/Develop/welean-portal/node_modules/next/dist/server/next-server.js:281:17)
    at async DevServer.handleRequestImpl (file:///Users/zhaoqing/Documents/Develop/welean-portal/node_modules/next/dist/server/base-server.js:853:17)
    at async (file:///Users/zhaoqing/Documents/Develop/welean-portal/node_modules/next/dist/server/dev/next-dev-server.js:371:20)
    at async Span.traceAsyncFn (file:///Users/zhaoqing/Documents/Develop/welean-portal/node_modules/next/dist/trace/trace.js:153:20)
    at async DevServer.handleRequest (file:///Users/zhaoqing/Documents/Develop/welean-portal/node_modules/next/dist/server/dev/next-dev-server.js:368:24)
    at async invokeRender (file:///Users/zhaoqing/Documents/Develop/welean-portal/node_modules/next/dist/server/lib/router-server.js:230:21)
    at async handleRequest (file:///Users/zhaoqing/Documents/Develop/welean-portal/node_modules/next/dist/server/lib/router-server.js:408:24)
    at async requestHandlerImpl (file:///Users/zhaoqing/Documents/Develop/welean-portal/node_modules/next/dist/server/lib/router-server.js:432:13)
    at async Server.requestListener (file:///Users/zhaoqing/Documents/Develop/welean-portal/node_modules/next/dist/server/lib/start-server.js:146:13)
[   67611ms] [LOG] [HMR] connected @ webpack-internal:///./node_modules/next/dist/client/components/react-dev-overlay/pages/websocket.js:41
[   77840ms] [LOG] [Fast Refresh] rebuilding @ webpack-internal:///./node_modules/next/dist/client/components/react-dev-overlay/pages/hot-reloader-client.js:221
[   77889ms] [WARNING] [Fast Refresh] performing full reload because your application had an unrecoverable error @ webpack-internal:///./node_modules/next/dist/client/components/react-dev-overlay/pages/hot-reloader-client.js:352
[   77890ms] [LOG] [Fast Refresh] rebuilding @ webpack-internal:///./node_modules/next/dist/client/components/react-dev-overlay/pages/hot-reloader-client.js:221
[   77953ms] [LOG] [Fast Refresh] rebuilding @ webpack-internal:///./node_modules/next/dist/client/components/react-dev-overlay/pages/hot-reloader-client.js:221
[   77963ms] [WARNING] [Fast Refresh] performing full reload because your application had an unrecoverable error @ webpack-internal:///./node_modules/next/dist/client/components/react-dev-overlay/pages/hot-reloader-client.js:352
[   78284ms] [ERROR] Failed to load resource: the server responded with a status of 500 (Internal Server Error) @ http://localhost:3000/:0
[   78376ms] [INFO] %cDownload the React DevTools for a better development experience: https://react.dev/link/react-devtools font-weight:bold @ webpack-internal:///./node_modules/react-dom/cjs/react-dom-client.development.js:28004
[   78380ms] Error: Cannot find module './403.js'
Require stack:
- /Users/zhaoqing/Documents/Develop/welean-portal/.next/server/webpack-runtime.js
- /Users/zhaoqing/Documents/Develop/welean-portal/.next/server/pages/_document.js
- /Users/zhaoqing/Documents/Develop/welean-portal/node_modules/next/dist/server/require.js
- /Users/zhaoqing/Documents/Develop/welean-portal/node_modules/next/dist/server/load-components.js
- /Users/zhaoqing/Documents/Develop/welean-portal/node_modules/next/dist/build/utils.js
- /Users/zhaoqing/Documents/Develop/welean-portal/node_modules/next/dist/build/swc/options.js
- /Users/zhaoqing/Documents/Develop/welean-portal/node_modules/next/dist/build/swc/index.js
- /Users/zhaoqing/Documents/Develop/welean-portal/node_modules/next/dist/build/next-config-ts/transpile-config.js
- /Users/zhaoqing/Documents/Develop/welean-portal/node_modules/next/dist/server/config.js
- /Users/zhaoqing/Documents/Develop/welean-portal/node_modules/next/dist/server/next.js
- /Users/zhaoqing/Documents/Develop/welean-portal/node_modules/next/dist/server/lib/start-server.js
    at Module._resolveFilename (node:internal/modules/cjs/loader:1447:15)
    at <unknown> (file:///Users/zhaoqing/Documents/Develop/welean-portal/node_modules/next/dist/server/require-hook.js:55:36)
    at defaultResolveImpl (node:internal/modules/cjs/loader:1058:19)
    at resolveForCJSWithHooks (node:internal/modules/cjs/loader:1063:22)
    at Module._load (node:internal/modules/cjs/loader:1233:25)
    at TracingChannel.traceSync (node:diagnostics_channel:328:14)
    at wrapModuleLoad (node:internal/modules/cjs/loader:245:24)
    at Module.require (node:internal/modules/cjs/loader:1547:12)
    at mod.require (file:///Users/zhaoqing/Documents/Develop/welean-portal/node_modules/next/dist/server/require-hook.js:65:28)
    at require (node:internal/modules/helpers:152:16)
    at __webpack_require__.f.require (file:///Users/zhaoqing/Documents/Develop/welean-portal/.next/server/webpack-runtime.js:198:28)
    at <unknown> (file:///Users/zhaoqing/Documents/Develop/welean-portal/.next/server/webpack-runtime.js:111:40)
    at Array.reduce (<anonymous>)
    at __webpack_require__.e (file:///Users/zhaoqing/Documents/Develop/welean-portal/.next/server/webpack-runtime.js:110:67)
    at Array.map (<anonymous>)
    at __webpack_require__.X (file:///Users/zhaoqing/Documents/Develop/welean-portal/.next/server/webpack-runtime.js:162:22)
    at <unknown> (file:///Users/zhaoqing/Documents/Develop/welean-portal/.next/server/app/page.js:1:10037)
    at Object.<anonymous> (file:///Users/zhaoqing/Documents/Develop/welean-portal/.next/server/app/page.js:1:10078)
    at Module._compile (node:internal/modules/cjs/loader:1803:14)
    at Module._extensions..js (node:internal/modules/cjs/loader:1934:10)
    at Module.load (node:internal/modules/cjs/loader:1524:32)
    at Module._load (node:internal/modules/cjs/loader:1326:12)
    at TracingChannel.traceSync (node:diagnostics_channel:328:14)
    at wrapModuleLoad (node:internal/modules/cjs/loader:245:24)
    at Module.require (node:internal/modules/cjs/loader:1547:12)
    at mod.require (file:///Users/zhaoqing/Documents/Develop/welean-portal/node_modules/next/dist/server/require-hook.js:65:28)
    at require (node:internal/modules/helpers:152:16)
    at requirePage (file:///Users/zhaoqing/Documents/Develop/welean-portal/node_modules/next/dist/server/require.js:103:84)
    at loadComponentsImpl (file:///Users/zhaoqing/Documents/Develop/welean-portal/node_modules/next/dist/server/load-components.js:107:57)
    at async DevServer.findPageComponentsImpl (file:///Users/zhaoqing/Documents/Develop/welean-portal/node_modules/next/dist/server/next-server.js:745:36)
    at async DevServer.findPageComponents (file:///Users/zhaoqing/Documents/Develop/welean-portal/node_modules/next/dist/server/dev/next-dev-server.js:610:20)
    at async DevServer.renderPageComponent (file:///Users/zhaoqing/Documents/Develop/welean-portal/node_modules/next/dist/server/base-server.js:2246:24)
    at async DevServer.renderToResponseImpl (file:///Users/zhaoqing/Documents/Develop/welean-portal/node_modules/next/dist/server/base-server.js:2297:32)
    at async DevServer.pipeImpl (file:///Users/zhaoqing/Documents/Develop/welean-portal/node_modules/next/dist/server/base-server.js:959:25)
    at async NextNodeServer.handleCatchallRenderRequest (file:///Users/zhaoqing/Documents/Develop/welean-portal/node_modules/next/dist/server/next-server.js:281:17)
    at async DevServer.handleRequestImpl (file:///Users/zhaoqing/Documents/Develop/welean-portal/node_modules/next/dist/server/base-server.js:853:17)
    at async (file:///Users/zhaoqing/Documents/Develop/welean-portal/node_modules/next/dist/server/dev/next-dev-server.js:371:20)
    at async Span.traceAsyncFn (file:///Users/zhaoqing/Documents/Develop/welean-portal/node_modules/next/dist/trace/trace.js:153:20)
    at async DevServer.handleRequest (file:///Users/zhaoqing/Documents/Develop/welean-portal/node_modules/next/dist/server/dev/next-dev-server.js:368:24)
    at async invokeRender (file:///Users/zhaoqing/Documents/Develop/welean-portal/node_modules/next/dist/server/lib/router-server.js:230:21)
    at async handleRequest (file:///Users/zhaoqing/Documents/Develop/welean-portal/node_modules/next/dist/server/lib/router-server.js:408:24)
    at async requestHandlerImpl (file:///Users/zhaoqing/Documents/Develop/welean-portal/node_modules/next/dist/server/lib/router-server.js:432:13)
    at async Server.requestListener (file:///Users/zhaoqing/Documents/Develop/welean-portal/node_modules/next/dist/server/lib/start-server.js:146:13)
[   78381ms] [LOG] [HMR] connected @ webpack-internal:///./node_modules/next/dist/client/components/react-dev-overlay/pages/websocket.js:41
[   88093ms] [LOG] [Fast Refresh] rebuilding @ webpack-internal:///./node_modules/next/dist/client/components/react-dev-overlay/pages/hot-reloader-client.js:221
[   88134ms] [WARNING] [Fast Refresh] performing full reload because your application had an unrecoverable error @ webpack-internal:///./node_modules/next/dist/client/components/react-dev-overlay/pages/hot-reloader-client.js:352
[   88193ms] [LOG] [Fast Refresh] rebuilding @ webpack-internal:///./node_modules/next/dist/client/components/react-dev-overlay/pages/hot-reloader-client.js:221
[   88241ms] [WARNING] [Fast Refresh] performing full reload because your application had an unrecoverable error @ webpack-internal:///./node_modules/next/dist/client/components/react-dev-overlay/pages/hot-reloader-client.js:352
[   88476ms] [ERROR] Failed to load resource: the server responded with a status of 500 (Internal Server Error) @ http://localhost:3000/:0
[   88578ms] [INFO] %cDownload the React DevTools for a better development experience: https://react.dev/link/react-devtools font-weight:bold @ webpack-internal:///./node_modules/react-dom/cjs/react-dom-client.development.js:28004
[   88585ms] Error: Cannot find module './403.js'
Require stack:
- /Users/zhaoqing/Documents/Develop/welean-portal/.next/server/webpack-runtime.js
- /Users/zhaoqing/Documents/Develop/welean-portal/.next/server/pages/_document.js
- /Users/zhaoqing/Documents/Develop/welean-portal/node_modules/next/dist/server/require.js
- /Users/zhaoqing/Documents/Develop/welean-portal/node_modules/next/dist/server/load-components.js
- /Users/zhaoqing/Documents/Develop/welean-portal/node_modules/next/dist/build/utils.js
- /Users/zhaoqing/Documents/Develop/welean-portal/node_modules/next/dist/build/swc/options.js
- /Users/zhaoqing/Documents/Develop/welean-portal/node_modules/next/dist/build/swc/index.js
- /Users/zhaoqing/Documents/Develop/welean-portal/node_modules/next/dist/build/next-config-ts/transpile-config.js
- /Users/zhaoqing/Documents/Develop/welean-portal/node_modules/next/dist/server/config.js
- /Users/zhaoqing/Documents/Develop/welean-portal/node_modules/next/dist/server/next.js
- /Users/zhaoqing/Documents/Develop/welean-portal/node_modules/next/dist/server/lib/start-server.js
    at Module._resolveFilename (node:internal/modules/cjs/loader:1447:15)
    at <unknown> (file:///Users/zhaoqing/Documents/Develop/welean-portal/node_modules/next/dist/server/require-hook.js:55:36)
    at defaultResolveImpl (node:internal/modules/cjs/loader:1058:19)
    at resolveForCJSWithHooks (node:internal/modules/cjs/loader:1063:22)
    at Module._load (node:internal/modules/cjs/loader:1233:25)
    at TracingChannel.traceSync (node:diagnostics_channel:328:14)
    at wrapModuleLoad (node:internal/modules/cjs/loader:245:24)
    at Module.require (node:internal/modules/cjs/loader:1547:12)
    at mod.require (file:///Users/zhaoqing/Documents/Develop/welean-portal/node_modules/next/dist/server/require-hook.js:65:28)
    at require (node:internal/modules/helpers:152:16)
    at __webpack_require__.f.require (file:///Users/zhaoqing/Documents/Develop/welean-portal/.next/server/webpack-runtime.js:198:28)
    at <unknown> (file:///Users/zhaoqing/Documents/Develop/welean-portal/.next/server/webpack-runtime.js:111:40)
    at Array.reduce (<anonymous>)
    at __webpack_require__.e (file:///Users/zhaoqing/Documents/Develop/welean-portal/.next/server/webpack-runtime.js:110:67)
    at Array.map (<anonymous>)
    at __webpack_require__.X (file:///Users/zhaoqing/Documents/Develop/welean-portal/.next/server/webpack-runtime.js:162:22)
    at <unknown> (file:///Users/zhaoqing/Documents/Develop/welean-portal/.next/server/app/page.js:1:10037)
    at Object.<anonymous> (file:///Users/zhaoqing/Documents/Develop/welean-portal/.next/server/app/page.js:1:10078)
    at Module._compile (node:internal/modules/cjs/loader:1803:14)
    at Module._extensions..js (node:internal/modules/cjs/loader:1934:10)
    at Module.load (node:internal/modules/cjs/loader:1524:32)
    at Module._load (node:internal/modules/cjs/loader:1326:12)
    at TracingChannel.traceSync (node:diagnostics_channel:328:14)
    at wrapModuleLoad (node:internal/modules/cjs/loader:245:24)
    at Module.require (node:internal/modules/cjs/loader:1547:12)
    at mod.require (file:///Users/zhaoqing/Documents/Develop/welean-portal/node_modules/next/dist/server/require-hook.js:65:28)
    at require (node:internal/modules/helpers:152:16)
    at requirePage (file:///Users/zhaoqing/Documents/Develop/welean-portal/node_modules/next/dist/server/require.js:103:84)
    at loadComponentsImpl (file:///Users/zhaoqing/Documents/Develop/welean-portal/node_modules/next/dist/server/load-components.js:107:57)
    at async DevServer.findPageComponentsImpl (file:///Users/zhaoqing/Documents/Develop/welean-portal/node_modules/next/dist/server/next-server.js:745:36)
    at async DevServer.findPageComponents (file:///Users/zhaoqing/Documents/Develop/welean-portal/node_modules/next/dist/server/dev/next-dev-server.js:610:20)
    at async DevServer.renderPageComponent (file:///Users/zhaoqing/Documents/Develop/welean-portal/node_modules/next/dist/server/base-server.js:2246:24)
    at async DevServer.renderToResponseImpl (file:///Users/zhaoqing/Documents/Develop/welean-portal/node_modules/next/dist/server/base-server.js:2297:32)
    at async DevServer.pipeImpl (file:///Users/zhaoqing/Documents/Develop/welean-portal/node_modules/next/dist/server/base-server.js:959:25)
    at async NextNodeServer.handleCatchallRenderRequest (file:///Users/zhaoqing/Documents/Develop/welean-portal/node_modules/next/dist/server/next-server.js:281:17)
    at async DevServer.handleRequestImpl (file:///Users/zhaoqing/Documents/Develop/welean-portal/node_modules/next/dist/server/base-server.js:853:17)
    at async (file:///Users/zhaoqing/Documents/Develop/welean-portal/node_modules/next/dist/server/dev/next-dev-server.js:371:20)
    at async Span.traceAsyncFn (file:///Users/zhaoqing/Documents/Develop/welean-portal/node_modules/next/dist/trace/trace.js:153:20)
    at async DevServer.handleRequest (file:///Users/zhaoqing/Documents/Develop/welean-portal/node_modules/next/dist/server/dev/next-dev-server.js:368:24)
    at async invokeRender (file:///Users/zhaoqing/Documents/Develop/welean-portal/node_modules/next/dist/server/lib/router-server.js:230:21)
    at async handleRequest (file:///Users/zhaoqing/Documents/Develop/welean-portal/node_modules/next/dist/server/lib/router-server.js:408:24)
    at async requestHandlerImpl (file:///Users/zhaoqing/Documents/Develop/welean-portal/node_modules/next/dist/server/lib/router-server.js:432:13)
    at async Server.requestListener (file:///Users/zhaoqing/Documents/Develop/welean-portal/node_modules/next/dist/server/lib/start-server.js:146:13)
[   88585ms] [LOG] [HMR] connected @ webpack-internal:///./node_modules/next/dist/client/components/react-dev-overlay/pages/websocket.js:41
[   94524ms] [LOG] [Fast Refresh] rebuilding @ webpack-internal:///./node_modules/next/dist/client/components/react-dev-overlay/pages/hot-reloader-client.js:221
[   94576ms] [WARNING] [Fast Refresh] performing full reload because your application had an unrecoverable error @ webpack-internal:///./node_modules/next/dist/client/components/react-dev-overlay/pages/hot-reloader-client.js:352
[   94676ms] [LOG] [Fast Refresh] rebuilding @ webpack-internal:///./node_modules/next/dist/client/components/react-dev-overlay/pages/hot-reloader-client.js:221
[   94738ms] [WARNING] [Fast Refresh] performing full reload because your application had an unrecoverable error @ webpack-internal:///./node_modules/next/dist/client/components/react-dev-overlay/pages/hot-reloader-client.js:352
[   94969ms] [ERROR] Failed to load resource: the server responded with a status of 500 (Internal Server Error) @ http://localhost:3000/:0
[   95056ms] [INFO] %cDownload the React DevTools for a better development experience: https://react.dev/link/react-devtools font-weight:bold @ webpack-internal:///./node_modules/react-dom/cjs/react-dom-client.development.js:28004
[   95061ms] Error: Cannot find module './403.js'
Require stack:
- /Users/zhaoqing/Documents/Develop/welean-portal/.next/server/webpack-runtime.js
- /Users/zhaoqing/Documents/Develop/welean-portal/.next/server/pages/_document.js
- /Users/zhaoqing/Documents/Develop/welean-portal/node_modules/next/dist/server/require.js
- /Users/zhaoqing/Documents/Develop/welean-portal/node_modules/next/dist/server/load-components.js
- /Users/zhaoqing/Documents/Develop/welean-portal/node_modules/next/dist/build/utils.js
- /Users/zhaoqing/Documents/Develop/welean-portal/node_modules/next/dist/build/swc/options.js
- /Users/zhaoqing/Documents/Develop/welean-portal/node_modules/next/dist/build/swc/index.js
- /Users/zhaoqing/Documents/Develop/welean-portal/node_modules/next/dist/build/next-config-ts/transpile-config.js
- /Users/zhaoqing/Documents/Develop/welean-portal/node_modules/next/dist/server/config.js
- /Users/zhaoqing/Documents/Develop/welean-portal/node_modules/next/dist/server/next.js
- /Users/zhaoqing/Documents/Develop/welean-portal/node_modules/next/dist/server/lib/start-server.js
    at Module._resolveFilename (node:internal/modules/cjs/loader:1447:15)
    at <unknown> (file:///Users/zhaoqing/Documents/Develop/welean-portal/node_modules/next/dist/server/require-hook.js:55:36)
    at defaultResolveImpl (node:internal/modules/cjs/loader:1058:19)
    at resolveForCJSWithHooks (node:internal/modules/cjs/loader:1063:22)
    at Module._load (node:internal/modules/cjs/loader:1233:25)
    at TracingChannel.traceSync (node:diagnostics_channel:328:14)
    at wrapModuleLoad (node:internal/modules/cjs/loader:245:24)
    at Module.require (node:internal/modules/cjs/loader:1547:12)
    at mod.require (file:///Users/zhaoqing/Documents/Develop/welean-portal/node_modules/next/dist/server/require-hook.js:65:28)
    at require (node:internal/modules/helpers:152:16)
    at __webpack_require__.f.require (file:///Users/zhaoqing/Documents/Develop/welean-portal/.next/server/webpack-runtime.js:198:28)
    at <unknown> (file:///Users/zhaoqing/Documents/Develop/welean-portal/.next/server/webpack-runtime.js:111:40)
    at Array.reduce (<anonymous>)
    at __webpack_require__.e (file:///Users/zhaoqing/Documents/Develop/welean-portal/.next/server/webpack-runtime.js:110:67)
    at Array.map (<anonymous>)
    at __webpack_require__.X (file:///Users/zhaoqing/Documents/Develop/welean-portal/.next/server/webpack-runtime.js:162:22)
    at <unknown> (file:///Users/zhaoqing/Documents/Develop/welean-portal/.next/server/app/page.js:1:10037)
    at Object.<anonymous> (file:///Users/zhaoqing/Documents/Develop/welean-portal/.next/server/app/page.js:1:10078)
    at Module._compile (node:internal/modules/cjs/loader:1803:14)
    at Module._extensions..js (node:internal/modules/cjs/loader:1934:10)
    at Module.load (node:internal/modules/cjs/loader:1524:32)
    at Module._load (node:internal/modules/cjs/loader:1326:12)
    at TracingChannel.traceSync (node:diagnostics_channel:328:14)
    at wrapModuleLoad (node:internal/modules/cjs/loader:245:24)
    at Module.require (node:internal/modules/cjs/loader:1547:12)
    at mod.require (file:///Users/zhaoqing/Documents/Develop/welean-portal/node_modules/next/dist/server/require-hook.js:65:28)
    at require (node:internal/modules/helpers:152:16)
    at requirePage (file:///Users/zhaoqing/Documents/Develop/welean-portal/node_modules/next/dist/server/require.js:103:84)
    at loadComponentsImpl (file:///Users/zhaoqing/Documents/Develop/welean-portal/node_modules/next/dist/server/load-components.js:107:57)
    at async DevServer.findPageComponentsImpl (file:///Users/zhaoqing/Documents/Develop/welean-portal/node_modules/next/dist/server/next-server.js:745:36)
    at async DevServer.findPageComponents (file:///Users/zhaoqing/Documents/Develop/welean-portal/node_modules/next/dist/server/dev/next-dev-server.js:610:20)
    at async DevServer.renderPageComponent (file:///Users/zhaoqing/Documents/Develop/welean-portal/node_modules/next/dist/server/base-server.js:2246:24)
    at async DevServer.renderToResponseImpl (file:///Users/zhaoqing/Documents/Develop/welean-portal/node_modules/next/dist/server/base-server.js:2297:32)
    at async DevServer.pipeImpl (file:///Users/zhaoqing/Documents/Develop/welean-portal/node_modules/next/dist/server/base-server.js:959:25)
    at async NextNodeServer.handleCatchallRenderRequest (file:///Users/zhaoqing/Documents/Develop/welean-portal/node_modules/next/dist/server/next-server.js:281:17)
    at async DevServer.handleRequestImpl (file:///Users/zhaoqing/Documents/Develop/welean-portal/node_modules/next/dist/server/base-server.js:853:17)
    at async (file:///Users/zhaoqing/Documents/Develop/welean-portal/node_modules/next/dist/server/dev/next-dev-server.js:371:20)
    at async Span.traceAsyncFn (file:///Users/zhaoqing/Documents/Develop/welean-portal/node_modules/next/dist/trace/trace.js:153:20)
    at async DevServer.handleRequest (file:///Users/zhaoqing/Documents/Develop/welean-portal/node_modules/next/dist/server/dev/next-dev-server.js:368:24)
    at async invokeRender (file:///Users/zhaoqing/Documents/Develop/welean-portal/node_modules/next/dist/server/lib/router-server.js:230:21)
    at async handleRequest (file:///Users/zhaoqing/Documents/Develop/welean-portal/node_modules/next/dist/server/lib/router-server.js:408:24)
    at async requestHandlerImpl (file:///Users/zhaoqing/Documents/Develop/welean-portal/node_modules/next/dist/server/lib/router-server.js:432:13)
    at async Server.requestListener (file:///Users/zhaoqing/Documents/Develop/welean-portal/node_modules/next/dist/server/lib/start-server.js:146:13)
[   95062ms] [LOG] [HMR] connected @ webpack-internal:///./node_modules/next/dist/client/components/react-dev-overlay/pages/websocket.js:41
[  103060ms] [LOG] [Fast Refresh] rebuilding @ webpack-internal:///./node_modules/next/dist/client/components/react-dev-overlay/pages/hot-reloader-client.js:221
[  103115ms] [WARNING] [Fast Refresh] performing full reload because your application had an unrecoverable error @ webpack-internal:///./node_modules/next/dist/client/components/react-dev-overlay/pages/hot-reloader-client.js:352
[  103353ms] [ERROR] Failed to load resource: the server responded with a status of 500 (Internal Server Error) @ http://localhost:3000/:0
[  103449ms] [INFO] %cDownload the React DevTools for a better development experience: https://react.dev/link/react-devtools font-weight:bold @ webpack-internal:///./node_modules/react-dom/cjs/react-dom-client.development.js:28004
[  103452ms] Error: Cannot find module './403.js'
Require stack:
- /Users/zhaoqing/Documents/Develop/welean-portal/.next/server/webpack-runtime.js
- /Users/zhaoqing/Documents/Develop/welean-portal/.next/server/pages/_document.js
- /Users/zhaoqing/Documents/Develop/welean-portal/node_modules/next/dist/server/require.js
- /Users/zhaoqing/Documents/Develop/welean-portal/node_modules/next/dist/server/load-components.js
- /Users/zhaoqing/Documents/Develop/welean-portal/node_modules/next/dist/build/utils.js
- /Users/zhaoqing/Documents/Develop/welean-portal/node_modules/next/dist/build/swc/options.js
- /Users/zhaoqing/Documents/Develop/welean-portal/node_modules/next/dist/build/swc/index.js
- /Users/zhaoqing/Documents/Develop/welean-portal/node_modules/next/dist/build/next-config-ts/transpile-config.js
- /Users/zhaoqing/Documents/Develop/welean-portal/node_modules/next/dist/server/config.js
- /Users/zhaoqing/Documents/Develop/welean-portal/node_modules/next/dist/server/next.js
- /Users/zhaoqing/Documents/Develop/welean-portal/node_modules/next/dist/server/lib/start-server.js
    at Module._resolveFilename (node:internal/modules/cjs/loader:1447:15)
    at <unknown> (file:///Users/zhaoqing/Documents/Develop/welean-portal/node_modules/next/dist/server/require-hook.js:55:36)
    at defaultResolveImpl (node:internal/modules/cjs/loader:1058:19)
    at resolveForCJSWithHooks (node:internal/modules/cjs/loader:1063:22)
    at Module._load (node:internal/modules/cjs/loader:1233:25)
    at TracingChannel.traceSync (node:diagnostics_channel:328:14)
    at wrapModuleLoad (node:internal/modules/cjs/loader:245:24)
    at Module.require (node:internal/modules/cjs/loader:1547:12)
    at mod.require (file:///Users/zhaoqing/Documents/Develop/welean-portal/node_modules/next/dist/server/require-hook.js:65:28)
    at require (node:internal/modules/helpers:152:16)
    at __webpack_require__.f.require (file:///Users/zhaoqing/Documents/Develop/welean-portal/.next/server/webpack-runtime.js:198:28)
    at <unknown> (file:///Users/zhaoqing/Documents/Develop/welean-portal/.next/server/webpack-runtime.js:111:40)
    at Array.reduce (<anonymous>)
    at __webpack_require__.e (file:///Users/zhaoqing/Documents/Develop/welean-portal/.next/server/webpack-runtime.js:110:67)
    at Array.map (<anonymous>)
    at __webpack_require__.X (file:///Users/zhaoqing/Documents/Develop/welean-portal/.next/server/webpack-runtime.js:162:22)
    at <unknown> (file:///Users/zhaoqing/Documents/Develop/welean-portal/.next/server/app/page.js:1:10037)
    at Object.<anonymous> (file:///Users/zhaoqing/Documents/Develop/welean-portal/.next/server/app/page.js:1:10078)
    at Module._compile (node:internal/modules/cjs/loader:1803:14)
    at Module._extensions..js (node:internal/modules/cjs/loader:1934:10)
    at Module.load (node:internal/modules/cjs/loader:1524:32)
    at Module._load (node:internal/modules/cjs/loader:1326:12)
    at TracingChannel.traceSync (node:diagnostics_channel:328:14)
    at wrapModuleLoad (node:internal/modules/cjs/loader:245:24)
    at Module.require (node:internal/modules/cjs/loader:1547:12)
    at mod.require (file:///Users/zhaoqing/Documents/Develop/welean-portal/node_modules/next/dist/server/require-hook.js:65:28)
    at require (node:internal/modules/helpers:152:16)
    at requirePage (file:///Users/zhaoqing/Documents/Develop/welean-portal/node_modules/next/dist/server/require.js:103:84)
    at loadComponentsImpl (file:///Users/zhaoqing/Documents/Develop/welean-portal/node_modules/next/dist/server/load-components.js:107:57)
    at async DevServer.findPageComponentsImpl (file:///Users/zhaoqing/Documents/Develop/welean-portal/node_modules/next/dist/server/next-server.js:745:36)
    at async DevServer.findPageComponents (file:///Users/zhaoqing/Documents/Develop/welean-portal/node_modules/next/dist/server/dev/next-dev-server.js:610:20)
    at async DevServer.renderPageComponent (file:///Users/zhaoqing/Documents/Develop/welean-portal/node_modules/next/dist/server/base-server.js:2246:24)
    at async DevServer.renderToResponseImpl (file:///Users/zhaoqing/Documents/Develop/welean-portal/node_modules/next/dist/server/base-server.js:2297:32)
    at async DevServer.pipeImpl (file:///Users/zhaoqing/Documents/Develop/welean-portal/node_modules/next/dist/server/base-server.js:959:25)
    at async NextNodeServer.handleCatchallRenderRequest (file:///Users/zhaoqing/Documents/Develop/welean-portal/node_modules/next/dist/server/next-server.js:281:17)
    at async DevServer.handleRequestImpl (file:///Users/zhaoqing/Documents/Develop/welean-portal/node_modules/next/dist/server/base-server.js:853:17)
    at async (file:///Users/zhaoqing/Documents/Develop/welean-portal/node_modules/next/dist/server/dev/next-dev-server.js:371:20)
    at async Span.traceAsyncFn (file:///Users/zhaoqing/Documents/Develop/welean-portal/node_modules/next/dist/trace/trace.js:153:20)
    at async DevServer.handleRequest (file:///Users/zhaoqing/Documents/Develop/welean-portal/node_modules/next/dist/server/dev/next-dev-server.js:368:24)
    at async invokeRender (file:///Users/zhaoqing/Documents/Develop/welean-portal/node_modules/next/dist/server/lib/router-server.js:230:21)
    at async handleRequest (file:///Users/zhaoqing/Documents/Develop/welean-portal/node_modules/next/dist/server/lib/router-server.js:408:24)
    at async requestHandlerImpl (file:///Users/zhaoqing/Documents/Develop/welean-portal/node_modules/next/dist/server/lib/router-server.js:432:13)
    at async Server.requestListener (file:///Users/zhaoqing/Documents/Develop/welean-portal/node_modules/next/dist/server/lib/start-server.js:146:13)
[  103454ms] [LOG] [HMR] connected @ webpack-internal:///./node_modules/next/dist/client/components/react-dev-overlay/pages/websocket.js:41
[  107346ms] [LOG] [Fast Refresh] rebuilding @ webpack-internal:///./node_modules/next/dist/client/components/react-dev-overlay/pages/hot-reloader-client.js:221
[  107394ms] [WARNING] [Fast Refresh] performing full reload because your application had an unrecoverable error @ webpack-internal:///./node_modules/next/dist/client/components/react-dev-overlay/pages/hot-reloader-client.js:352
[  107396ms] [LOG] [Fast Refresh] rebuilding @ webpack-internal:///./node_modules/next/dist/client/components/react-dev-overlay/pages/hot-reloader-client.js:221
[  107456ms] [LOG] [Fast Refresh] rebuilding @ webpack-internal:///./node_modules/next/dist/client/components/react-dev-overlay/pages/hot-reloader-client.js:221
[  107462ms] [WARNING] [Fast Refresh] performing full reload because your application had an unrecoverable error @ webpack-internal:///./node_modules/next/dist/client/components/react-dev-overlay/pages/hot-reloader-client.js:352
[  107543ms] [WARNING] [Fast Refresh] performing full reload because your application had an unrecoverable error @ webpack-internal:///./node_modules/next/dist/client/components/react-dev-overlay/pages/hot-reloader-client.js:352
[  107807ms] [ERROR] Failed to load resource: the server responded with a status of 500 (Internal Server Error) @ http://localhost:3000/:0
[  107896ms] [INFO] %cDownload the React DevTools for a better development experience: https://react.dev/link/react-devtools font-weight:bold @ webpack-internal:///./node_modules/react-dom/cjs/react-dom-client.development.js:28004
[  107901ms] Error: Cannot find module './403.js'
Require stack:
- /Users/zhaoqing/Documents/Develop/welean-portal/.next/server/webpack-runtime.js
- /Users/zhaoqing/Documents/Develop/welean-portal/.next/server/pages/_document.js
- /Users/zhaoqing/Documents/Develop/welean-portal/node_modules/next/dist/server/require.js
- /Users/zhaoqing/Documents/Develop/welean-portal/node_modules/next/dist/server/load-components.js
- /Users/zhaoqing/Documents/Develop/welean-portal/node_modules/next/dist/build/utils.js
- /Users/zhaoqing/Documents/Develop/welean-portal/node_modules/next/dist/build/swc/options.js
- /Users/zhaoqing/Documents/Develop/welean-portal/node_modules/next/dist/build/swc/index.js
- /Users/zhaoqing/Documents/Develop/welean-portal/node_modules/next/dist/build/next-config-ts/transpile-config.js
- /Users/zhaoqing/Documents/Develop/welean-portal/node_modules/next/dist/server/config.js
- /Users/zhaoqing/Documents/Develop/welean-portal/node_modules/next/dist/server/next.js
- /Users/zhaoqing/Documents/Develop/welean-portal/node_modules/next/dist/server/lib/start-server.js
    at Module._resolveFilename (node:internal/modules/cjs/loader:1447:15)
    at <unknown> (file:///Users/zhaoqing/Documents/Develop/welean-portal/node_modules/next/dist/server/require-hook.js:55:36)
    at defaultResolveImpl (node:internal/modules/cjs/loader:1058:19)
    at resolveForCJSWithHooks (node:internal/modules/cjs/loader:1063:22)
    at Module._load (node:internal/modules/cjs/loader:1233:25)
    at TracingChannel.traceSync (node:diagnostics_channel:328:14)
    at wrapModuleLoad (node:internal/modules/cjs/loader:245:24)
    at Module.require (node:internal/modules/cjs/loader:1547:12)
    at mod.require (file:///Users/zhaoqing/Documents/Develop/welean-portal/node_modules/next/dist/server/require-hook.js:65:28)
    at require (node:internal/modules/helpers:152:16)
    at __webpack_require__.f.require (file:///Users/zhaoqing/Documents/Develop/welean-portal/.next/server/webpack-runtime.js:198:28)
    at <unknown> (file:///Users/zhaoqing/Documents/Develop/welean-portal/.next/server/webpack-runtime.js:111:40)
    at Array.reduce (<anonymous>)
    at __webpack_require__.e (file:///Users/zhaoqing/Documents/Develop/welean-portal/.next/server/webpack-runtime.js:110:67)
    at Array.map (<anonymous>)
    at __webpack_require__.X (file:///Users/zhaoqing/Documents/Develop/welean-portal/.next/server/webpack-runtime.js:162:22)
    at <unknown> (file:///Users/zhaoqing/Documents/Develop/welean-portal/.next/server/app/page.js:1:10037)
    at Object.<anonymous> (file:///Users/zhaoqing/Documents/Develop/welean-portal/.next/server/app/page.js:1:10078)
    at Module._compile (node:internal/modules/cjs/loader:1803:14)
    at Module._extensions..js (node:internal/modules/cjs/loader:1934:10)
    at Module.load (node:internal/modules/cjs/loader:1524:32)
    at Module._load (node:internal/modules/cjs/loader:1326:12)
    at TracingChannel.traceSync (node:diagnostics_channel:328:14)
    at wrapModuleLoad (node:internal/modules/cjs/loader:245:24)
    at Module.require (node:internal/modules/cjs/loader:1547:12)
    at mod.require (file:///Users/zhaoqing/Documents/Develop/welean-portal/node_modules/next/dist/server/require-hook.js:65:28)
    at require (node:internal/modules/helpers:152:16)
    at requirePage (file:///Users/zhaoqing/Documents/Develop/welean-portal/node_modules/next/dist/server/require.js:103:84)
    at loadComponentsImpl (file:///Users/zhaoqing/Documents/Develop/welean-portal/node_modules/next/dist/server/load-components.js:107:57)
    at async DevServer.findPageComponentsImpl (file:///Users/zhaoqing/Documents/Develop/welean-portal/node_modules/next/dist/server/next-server.js:745:36)
    at async DevServer.findPageComponents (file:///Users/zhaoqing/Documents/Develop/welean-portal/node_modules/next/dist/server/dev/next-dev-server.js:610:20)
    at async DevServer.renderPageComponent (file:///Users/zhaoqing/Documents/Develop/welean-portal/node_modules/next/dist/server/base-server.js:2246:24)
    at async DevServer.renderToResponseImpl (file:///Users/zhaoqing/Documents/Develop/welean-portal/node_modules/next/dist/server/base-server.js:2297:32)
    at async DevServer.pipeImpl (file:///Users/zhaoqing/Documents/Develop/welean-portal/node_modules/next/dist/server/base-server.js:959:25)
    at async NextNodeServer.handleCatchallRenderRequest (file:///Users/zhaoqing/Documents/Develop/welean-portal/node_modules/next/dist/server/next-server.js:281:17)
    at async DevServer.handleRequestImpl (file:///Users/zhaoqing/Documents/Develop/welean-portal/node_modules/next/dist/server/base-server.js:853:17)
    at async (file:///Users/zhaoqing/Documents/Develop/welean-portal/node_modules/next/dist/server/dev/next-dev-server.js:371:20)
    at async Span.traceAsyncFn (file:///Users/zhaoqing/Documents/Develop/welean-portal/node_modules/next/dist/trace/trace.js:153:20)
    at async DevServer.handleRequest (file:///Users/zhaoqing/Documents/Develop/welean-portal/node_modules/next/dist/server/dev/next-dev-server.js:368:24)
    at async invokeRender (file:///Users/zhaoqing/Documents/Develop/welean-portal/node_modules/next/dist/server/lib/router-server.js:230:21)
    at async handleRequest (file:///Users/zhaoqing/Documents/Develop/welean-portal/node_modules/next/dist/server/lib/router-server.js:408:24)
    at async requestHandlerImpl (file:///Users/zhaoqing/Documents/Develop/welean-portal/node_modules/next/dist/server/lib/router-server.js:432:13)
    at async Server.requestListener (file:///Users/zhaoqing/Documents/Develop/welean-portal/node_modules/next/dist/server/lib/start-server.js:146:13)
[  107901ms] [LOG] [HMR] connected @ webpack-internal:///./node_modules/next/dist/client/components/react-dev-overlay/pages/websocket.js:41
[  108516ms] [LOG] [Fast Refresh] rebuilding @ webpack-internal:///./node_modules/next/dist/client/components/react-dev-overlay/pages/hot-reloader-client.js:221
[  108555ms] [WARNING] [Fast Refresh] performing full reload because your application had an unrecoverable error @ webpack-internal:///./node_modules/next/dist/client/components/react-dev-overlay/pages/hot-reloader-client.js:352
[  108568ms] [LOG] [Fast Refresh] rebuilding @ webpack-internal:///./node_modules/next/dist/client/components/react-dev-overlay/pages/hot-reloader-client.js:221
[  108609ms] [WARNING] [Fast Refresh] performing full reload because your application had an unrecoverable error @ webpack-internal:///./node_modules/next/dist/client/components/react-dev-overlay/pages/hot-reloader-client.js:352
[  108840ms] [ERROR] Failed to load resource: the server responded with a status of 500 (Internal Server Error) @ http://localhost:3000/:0
[  108932ms] [INFO] %cDownload the React DevTools for a better development experience: https://react.dev/link/react-devtools font-weight:bold @ webpack-internal:///./node_modules/react-dom/cjs/react-dom-client.development.js:28004
[  108937ms] Error: Cannot find module './403.js'
Require stack:
- /Users/zhaoqing/Documents/Develop/welean-portal/.next/server/webpack-runtime.js
- /Users/zhaoqing/Documents/Develop/welean-portal/.next/server/pages/_document.js
- /Users/zhaoqing/Documents/Develop/welean-portal/node_modules/next/dist/server/require.js
- /Users/zhaoqing/Documents/Develop/welean-portal/node_modules/next/dist/server/load-components.js
- /Users/zhaoqing/Documents/Develop/welean-portal/node_modules/next/dist/build/utils.js
- /Users/zhaoqing/Documents/Develop/welean-portal/node_modules/next/dist/build/swc/options.js
- /Users/zhaoqing/Documents/Develop/welean-portal/node_modules/next/dist/build/swc/index.js
- /Users/zhaoqing/Documents/Develop/welean-portal/node_modules/next/dist/build/next-config-ts/transpile-config.js
- /Users/zhaoqing/Documents/Develop/welean-portal/node_modules/next/dist/server/config.js
- /Users/zhaoqing/Documents/Develop/welean-portal/node_modules/next/dist/server/next.js
- /Users/zhaoqing/Documents/Develop/welean-portal/node_modules/next/dist/server/lib/start-server.js
    at Module._resolveFilename (node:internal/modules/cjs/loader:1447:15)
    at <unknown> (file:///Users/zhaoqing/Documents/Develop/welean-portal/node_modules/next/dist/server/require-hook.js:55:36)
    at defaultResolveImpl (node:internal/modules/cjs/loader:1058:19)
    at resolveForCJSWithHooks (node:internal/modules/cjs/loader:1063:22)
    at Module._load (node:internal/modules/cjs/loader:1233:25)
    at TracingChannel.traceSync (node:diagnostics_channel:328:14)
    at wrapModuleLoad (node:internal/modules/cjs/loader:245:24)
    at Module.require (node:internal/modules/cjs/loader:1547:12)
    at mod.require (file:///Users/zhaoqing/Documents/Develop/welean-portal/node_modules/next/dist/server/require-hook.js:65:28)
    at require (node:internal/modules/helpers:152:16)
    at __webpack_require__.f.require (file:///Users/zhaoqing/Documents/Develop/welean-portal/.next/server/webpack-runtime.js:198:28)
    at <unknown> (file:///Users/zhaoqing/Documents/Develop/welean-portal/.next/server/webpack-runtime.js:111:40)
    at Array.reduce (<anonymous>)
    at __webpack_require__.e (file:///Users/zhaoqing/Documents/Develop/welean-portal/.next/server/webpack-runtime.js:110:67)
    at Array.map (<anonymous>)
    at __webpack_require__.X (file:///Users/zhaoqing/Documents/Develop/welean-portal/.next/server/webpack-runtime.js:162:22)
    at <unknown> (file:///Users/zhaoqing/Documents/Develop/welean-portal/.next/server/app/page.js:1:10037)
    at Object.<anonymous> (file:///Users/zhaoqing/Documents/Develop/welean-portal/.next/server/app/page.js:1:10078)
    at Module._compile (node:internal/modules/cjs/loader:1803:14)
    at Module._extensions..js (node:internal/modules/cjs/loader:1934:10)
    at Module.load (node:internal/modules/cjs/loader:1524:32)
    at Module._load (node:internal/modules/cjs/loader:1326:12)
    at TracingChannel.traceSync (node:diagnostics_channel:328:14)
    at wrapModuleLoad (node:internal/modules/cjs/loader:245:24)
    at Module.require (node:internal/modules/cjs/loader:1547:12)
    at mod.require (file:///Users/zhaoqing/Documents/Develop/welean-portal/node_modules/next/dist/server/require-hook.js:65:28)
    at require (node:internal/modules/helpers:152:16)
    at requirePage (file:///Users/zhaoqing/Documents/Develop/welean-portal/node_modules/next/dist/server/require.js:103:84)
    at loadComponentsImpl (file:///Users/zhaoqing/Documents/Develop/welean-portal/node_modules/next/dist/server/load-components.js:107:57)
    at async DevServer.findPageComponentsImpl (file:///Users/zhaoqing/Documents/Develop/welean-portal/node_modules/next/dist/server/next-server.js:745:36)
    at async DevServer.findPageComponents (file:///Users/zhaoqing/Documents/Develop/welean-portal/node_modules/next/dist/server/dev/next-dev-server.js:610:20)
    at async DevServer.renderPageComponent (file:///Users/zhaoqing/Documents/Develop/welean-portal/node_modules/next/dist/server/base-server.js:2246:24)
    at async DevServer.renderToResponseImpl (file:///Users/zhaoqing/Documents/Develop/welean-portal/node_modules/next/dist/server/base-server.js:2297:32)
    at async DevServer.pipeImpl (file:///Users/zhaoqing/Documents/Develop/welean-portal/node_modules/next/dist/server/base-server.js:959:25)
    at async NextNodeServer.handleCatchallRenderRequest (file:///Users/zhaoqing/Documents/Develop/welean-portal/node_modules/next/dist/server/next-server.js:281:17)
    at async DevServer.handleRequestImpl (file:///Users/zhaoqing/Documents/Develop/welean-portal/node_modules/next/dist/server/base-server.js:853:17)
    at async (file:///Users/zhaoqing/Documents/Develop/welean-portal/node_modules/next/dist/server/dev/next-dev-server.js:371:20)
    at async Span.traceAsyncFn (file:///Users/zhaoqing/Documents/Develop/welean-portal/node_modules/next/dist/trace/trace.js:153:20)
    at async DevServer.handleRequest (file:///Users/zhaoqing/Documents/Develop/welean-portal/node_modules/next/dist/server/dev/next-dev-server.js:368:24)
    at async invokeRender (file:///Users/zhaoqing/Documents/Develop/welean-portal/node_modules/next/dist/server/lib/router-server.js:230:21)
    at async handleRequest (file:///Users/zhaoqing/Documents/Develop/welean-portal/node_modules/next/dist/server/lib/router-server.js:408:24)
    at async requestHandlerImpl (file:///Users/zhaoqing/Documents/Develop/welean-portal/node_modules/next/dist/server/lib/router-server.js:432:13)
    at async Server.requestListener (file:///Users/zhaoqing/Documents/Develop/welean-portal/node_modules/next/dist/server/lib/start-server.js:146:13)
[  108937ms] [LOG] [HMR] connected @ webpack-internal:///./node_modules/next/dist/client/components/react-dev-overlay/pages/websocket.js:41
[  108966ms] [ERROR] Failed to load resource: the server responded with a status of 500 (Internal Server Error) @ http://localhost:3000/__nextjs_original-stack-frame?isServer=true&isEdgeServer=false&isAppDirectory=false&errorMessage=Error%3A+Cannot+find+module+%27.%2F403.js%27%0ARequire+stack%3A%0A-+%2FUsers%2Fzhaoqing%2FDocuments%2FDevelop%2Fwelean-portal%2F.next%2Fserver%2Fwebpack-runtime.js%0A-+%2FUsers%2Fzhaoqing%2FDocuments%2FDevelop%2Fwelean-portal%2F.next%2Fserver%2Fpages%2F_document.js%0A-+%2FUsers%2Fzhaoqing%2FDocuments%2FDevelop%2Fwelean-portal%2Fnode_modules%2Fnext%2Fdist%2Fserver%2Frequire.js%0A-+%2FUsers%2Fzhaoqing%2FDocuments%2FDevelop%2Fwelean-portal%2Fnode_modules%2Fnext%2Fdist%2Fserver%2Fload-components.js%0A-+%2FUsers%2Fzhaoqing%2FDocuments%2FDevelop%2Fwelean-portal%2Fnode_modules%2Fnext%2Fdist%2Fbuild%2Futils.js%0A-+%2FUsers%2Fzhaoqing%2FDocuments%2FDevelop%2Fwelean-portal%2Fnode_modules%2Fnext%2Fdist%2Fbuild%2Fswc%2Foptions.js%0A-+%2FUsers%2Fzhaoqing%2FDocuments%2FDevelop%2Fwelean-portal%2Fnode_modules%2Fnext%2Fdist%2Fbuild%2Fswc%2Findex.js%0A-+%2FUsers%2Fzhaoqing%2FDocuments%2FDevelop%2Fwelean-portal%2Fnode_modules%2Fnext%2Fdist%2Fbuild%2Fnext-config-ts%2Ftranspile-config.js%0A-+%2FUsers%2Fzhaoqing%2FDocuments%2FDevelop%2Fwelean-portal%2Fnode_modules%2Fnext%2Fdist%2Fserver%2Fconfig.js%0A-+%2FUsers%2Fzhaoqing%2FDocuments%2FDevelop%2Fwelean-portal%2Fnode_modules%2Fnext%2Fdist%2Fserver%2Fnext.js%0A-+%2FUsers%2Fzhaoqing%2FDocuments%2FDevelop%2Fwelean-portal%2Fnode_modules%2Fnext%2Fdist%2Fserver%2Flib%2Fstart-server.js&file=file%3A%2F%2F%2FUsers%2Fzhaoqing%2FDocuments%2FDevelop%2Fwelean-portal%2F.next%2Fserver%2Fwebpack-runtime.js&methodName=__webpack_require__.f.require&arguments=&lineNumber=198&column=28:0
[  108974ms] [ERROR] Failed to load resource: the server responded with a status of 500 (Internal Server Error) @ http://localhost:3000/__nextjs_original-stack-frame?isServer=true&isEdgeServer=false&isAppDirectory=false&errorMessage=Error%3A+Cannot+find+module+%27.%2F403.js%27%0ARequire+stack%3A%0A-+%2FUsers%2Fzhaoqing%2FDocuments%2FDevelop%2Fwelean-portal%2F.next%2Fserver%2Fwebpack-runtime.js%0A-+%2FUsers%2Fzhaoqing%2FDocuments%2FDevelop%2Fwelean-portal%2F.next%2Fserver%2Fpages%2F_document.js%0A-+%2FUsers%2Fzhaoqing%2FDocuments%2FDevelop%2Fwelean-portal%2Fnode_modules%2Fnext%2Fdist%2Fserver%2Frequire.js%0A-+%2FUsers%2Fzhaoqing%2FDocuments%2FDevelop%2Fwelean-portal%2Fnode_modules%2Fnext%2Fdist%2Fserver%2Fload-components.js%0A-+%2FUsers%2Fzhaoqing%2FDocuments%2FDevelop%2Fwelean-portal%2Fnode_modules%2Fnext%2Fdist%2Fbuild%2Futils.js%0A-+%2FUsers%2Fzhaoqing%2FDocuments%2FDevelop%2Fwelean-portal%2Fnode_modules%2Fnext%2Fdist%2Fbuild%2Fswc%2Foptions.js%0A-+%2FUsers%2Fzhaoqing%2FDocuments%2FDevelop%2Fwelean-portal%2Fnode_modules%2Fnext%2Fdist%2Fbuild%2Fswc%2Findex.js%0A-+%2FUsers%2Fzhaoqing%2FDocuments%2FDevelop%2Fwelean-portal%2Fnode_modules%2Fnext%2Fdist%2Fbuild%2Fnext-config-ts%2Ftranspile-config.js%0A-+%2FUsers%2Fzhaoqing%2FDocuments%2FDevelop%2Fwelean-portal%2Fnode_modules%2Fnext%2Fdist%2Fserver%2Fconfig.js%0A-+%2FUsers%2Fzhaoqing%2FDocuments%2FDevelop%2Fwelean-portal%2Fnode_modules%2Fnext%2Fdist%2Fserver%2Fnext.js%0A-+%2FUsers%2Fzhaoqing%2FDocuments%2FDevelop%2Fwelean-portal%2Fnode_modules%2Fnext%2Fdist%2Fserver%2Flib%2Fstart-server.js&file=file%3A%2F%2F%2FUsers%2Fzhaoqing%2FDocuments%2FDevelop%2Fwelean-portal%2F.next%2Fserver%2Fwebpack-runtime.js&methodName=%3Cunknown%3E&arguments=&lineNumber=111&column=40:0
[  108982ms] [ERROR] Failed to load resource: the server responded with a status of 500 (Internal Server Error) @ http://localhost:3000/__nextjs_original-stack-frame?isServer=true&isEdgeServer=false&isAppDirectory=false&errorMessage=Error%3A+Cannot+find+module+%27.%2F403.js%27%0ARequire+stack%3A%0A-+%2FUsers%2Fzhaoqing%2FDocuments%2FDevelop%2Fwelean-portal%2F.next%2Fserver%2Fwebpack-runtime.js%0A-+%2FUsers%2Fzhaoqing%2FDocuments%2FDevelop%2Fwelean-portal%2F.next%2Fserver%2Fpages%2F_document.js%0A-+%2FUsers%2Fzhaoqing%2FDocuments%2FDevelop%2Fwelean-portal%2Fnode_modules%2Fnext%2Fdist%2Fserver%2Frequire.js%0A-+%2FUsers%2Fzhaoqing%2FDocuments%2FDevelop%2Fwelean-portal%2Fnode_modules%2Fnext%2Fdist%2Fserver%2Fload-components.js%0A-+%2FUsers%2Fzhaoqing%2FDocuments%2FDevelop%2Fwelean-portal%2Fnode_modules%2Fnext%2Fdist%2Fbuild%2Futils.js%0A-+%2FUsers%2Fzhaoqing%2FDocuments%2FDevelop%2Fwelean-portal%2Fnode_modules%2Fnext%2Fdist%2Fbuild%2Fswc%2Foptions.js%0A-+%2FUsers%2Fzhaoqing%2FDocuments%2FDevelop%2Fwelean-portal%2Fnode_modules%2Fnext%2Fdist%2Fbuild%2Fswc%2Findex.js%0A-+%2FUsers%2Fzhaoqing%2FDocuments%2FDevelop%2Fwelean-portal%2Fnode_modules%2Fnext%2Fdist%2Fbuild%2Fnext-config-ts%2Ftranspile-config.js%0A-+%2FUsers%2Fzhaoqing%2FDocuments%2FDevelop%2Fwelean-portal%2Fnode_modules%2Fnext%2Fdist%2Fserver%2Fconfig.js%0A-+%2FUsers%2Fzhaoqing%2FDocuments%2FDevelop%2Fwelean-portal%2Fnode_modules%2Fnext%2Fdist%2Fserver%2Fnext.js%0A-+%2FUsers%2Fzhaoqing%2FDocuments%2FDevelop%2Fwelean-portal%2Fnode_modules%2Fnext%2Fdist%2Fserver%2Flib%2Fstart-server.js&file=file%3A%2F%2F%2FUsers%2Fzhaoqing%2FDocuments%2FDevelop%2Fwelean-portal%2F.next%2Fserver%2Fwebpack-runtime.js&methodName=__webpack_require__.e&arguments=&lineNumber=110&column=67:0
[  108992ms] [ERROR] Failed to load resource: the server responded with a status of 500 (Internal Server Error) @ http://localhost:3000/__nextjs_original-stack-frame?isServer=true&isEdgeServer=false&isAppDirectory=false&errorMessage=Error%3A+Cannot+find+module+%27.%2F403.js%27%0ARequire+stack%3A%0A-+%2FUsers%2Fzhaoqing%2FDocuments%2FDevelop%2Fwelean-portal%2F.next%2Fserver%2Fwebpack-runtime.js%0A-+%2FUsers%2Fzhaoqing%2FDocuments%2FDevelop%2Fwelean-portal%2F.next%2Fserver%2Fpages%2F_document.js%0A-+%2FUsers%2Fzhaoqing%2FDocuments%2FDevelop%2Fwelean-portal%2Fnode_modules%2Fnext%2Fdist%2Fserver%2Frequire.js%0A-+%2FUsers%2Fzhaoqing%2FDocuments%2FDevelop%2Fwelean-portal%2Fnode_modules%2Fnext%2Fdist%2Fserver%2Fload-components.js%0A-+%2FUsers%2Fzhaoqing%2FDocuments%2FDevelop%2Fwelean-portal%2Fnode_modules%2Fnext%2Fdist%2Fbuild%2Futils.js%0A-+%2FUsers%2Fzhaoqing%2FDocuments%2FDevelop%2Fwelean-portal%2Fnode_modules%2Fnext%2Fdist%2Fbuild%2Fswc%2Foptions.js%0A-+%2FUsers%2Fzhaoqing%2FDocuments%2FDevelop%2Fwelean-portal%2Fnode_modules%2Fnext%2Fdist%2Fbuild%2Fswc%2Findex.js%0A-+%2FUsers%2Fzhaoqing%2FDocuments%2FDevelop%2Fwelean-portal%2Fnode_modules%2Fnext%2Fdist%2Fbuild%2Fnext-config-ts%2Ftranspile-config.js%0A-+%2FUsers%2Fzhaoqing%2FDocuments%2FDevelop%2Fwelean-portal%2Fnode_modules%2Fnext%2Fdist%2Fserver%2Fconfig.js%0A-+%2FUsers%2Fzhaoqing%2FDocuments%2FDevelop%2Fwelean-portal%2Fnode_modules%2Fnext%2Fdist%2Fserver%2Fnext.js%0A-+%2FUsers%2Fzhaoqing%2FDocuments%2FDevelop%2Fwelean-portal%2Fnode_modules%2Fnext%2Fdist%2Fserver%2Flib%2Fstart-server.js&file=file%3A%2F%2F%2FUsers%2Fzhaoqing%2FDocuments%2FDevelop%2Fwelean-portal%2F.next%2Fserver%2Fwebpack-runtime.js&methodName=__webpack_require__.X&arguments=&lineNumber=162&column=22:0
[  108999ms] [ERROR] Failed to load resource: the server responded with a status of 500 (Internal Server Error) @ http://localhost:3000/__nextjs_original-stack-frame?isServer=true&isEdgeServer=false&isAppDirectory=false&errorMessage=Error%3A+Cannot+find+module+%27.%2F403.js%27%0ARequire+stack%3A%0A-+%2FUsers%2Fzhaoqing%2FDocuments%2FDevelop%2Fwelean-portal%2F.next%2Fserver%2Fwebpack-runtime.js%0A-+%2FUsers%2Fzhaoqing%2FDocuments%2FDevelop%2Fwelean-portal%2F.next%2Fserver%2Fpages%2F_document.js%0A-+%2FUsers%2Fzhaoqing%2FDocuments%2FDevelop%2Fwelean-portal%2Fnode_modules%2Fnext%2Fdist%2Fserver%2Frequire.js%0A-+%2FUsers%2Fzhaoqing%2FDocuments%2FDevelop%2Fwelean-portal%2Fnode_modules%2Fnext%2Fdist%2Fserver%2Fload-components.js%0A-+%2FUsers%2Fzhaoqing%2FDocuments%2FDevelop%2Fwelean-portal%2Fnode_modules%2Fnext%2Fdist%2Fbuild%2Futils.js%0A-+%2FUsers%2Fzhaoqing%2FDocuments%2FDevelop%2Fwelean-portal%2Fnode_modules%2Fnext%2Fdist%2Fbuild%2Fswc%2Foptions.js%0A-+%2FUsers%2Fzhaoqing%2FDocuments%2FDevelop%2Fwelean-portal%2Fnode_modules%2Fnext%2Fdist%2Fbuild%2Fswc%2Findex.js%0A-+%2FUsers%2Fzhaoqing%2FDocuments%2FDevelop%2Fwelean-portal%2Fnode_modules%2Fnext%2Fdist%2Fbuild%2Fnext-config-ts%2Ftranspile-config.js%0A-+%2FUsers%2Fzhaoqing%2FDocuments%2FDevelop%2Fwelean-portal%2Fnode_modules%2Fnext%2Fdist%2Fserver%2Fconfig.js%0A-+%2FUsers%2Fzhaoqing%2FDocuments%2FDevelop%2Fwelean-portal%2Fnode_modules%2Fnext%2Fdist%2Fserver%2Fnext.js%0A-+%2FUsers%2Fzhaoqing%2FDocuments%2FDevelop%2Fwelean-portal%2Fnode_modules%2Fnext%2Fdist%2Fserver%2Flib%2Fstart-server.js&file=file%3A%2F%2F%2FUsers%2Fzhaoqing%2FDocuments%2FDevelop%2Fwelean-portal%2F.next%2Fserver%2Fapp%2Fpage.js&methodName=%3Cunknown%3E&arguments=&lineNumber=1&column=10037:0
[  109006ms] [ERROR] Failed to load resource: the server responded with a status of 500 (Internal Server Error) @ http://localhost:3000/__nextjs_original-stack-frame?isServer=true&isEdgeServer=false&isAppDirectory=false&errorMessage=Error%3A+Cannot+find+module+%27.%2F403.js%27%0ARequire+stack%3A%0A-+%2FUsers%2Fzhaoqing%2FDocuments%2FDevelop%2Fwelean-portal%2F.next%2Fserver%2Fwebpack-runtime.js%0A-+%2FUsers%2Fzhaoqing%2FDocuments%2FDevelop%2Fwelean-portal%2F.next%2Fserver%2Fpages%2F_document.js%0A-+%2FUsers%2Fzhaoqing%2FDocuments%2FDevelop%2Fwelean-portal%2Fnode_modules%2Fnext%2Fdist%2Fserver%2Frequire.js%0A-+%2FUsers%2Fzhaoqing%2FDocuments%2FDevelop%2Fwelean-portal%2Fnode_modules%2Fnext%2Fdist%2Fserver%2Fload-components.js%0A-+%2FUsers%2Fzhaoqing%2FDocuments%2FDevelop%2Fwelean-portal%2Fnode_modules%2Fnext%2Fdist%2Fbuild%2Futils.js%0A-+%2FUsers%2Fzhaoqing%2FDocuments%2FDevelop%2Fwelean-portal%2Fnode_modules%2Fnext%2Fdist%2Fbuild%2Fswc%2Foptions.js%0A-+%2FUsers%2Fzhaoqing%2FDocuments%2FDevelop%2Fwelean-portal%2Fnode_modules%2Fnext%2Fdist%2Fbuild%2Fswc%2Findex.js%0A-+%2FUsers%2Fzhaoqing%2FDocuments%2FDevelop%2Fwelean-portal%2Fnode_modules%2Fnext%2Fdist%2Fbuild%2Fnext-config-ts%2Ftranspile-config.js%0A-+%2FUsers%2Fzhaoqing%2FDocuments%2FDevelop%2Fwelean-portal%2Fnode_modules%2Fnext%2Fdist%2Fserver%2Fconfig.js%0A-+%2FUsers%2Fzhaoqing%2FDocuments%2FDevelop%2Fwelean-portal%2Fnode_modules%2Fnext%2Fdist%2Fserver%2Fnext.js%0A-+%2FUsers%2Fzhaoqing%2FDocuments%2FDevelop%2Fwelean-portal%2Fnode_modules%2Fnext%2Fdist%2Fserver%2Flib%2Fstart-server.js&file=file%3A%2F%2F%2FUsers%2Fzhaoqing%2FDocuments%2FDevelop%2Fwelean-portal%2F.next%2Fserver%2Fapp%2Fpage.js&methodName=Object.%3Canonymous%3E&arguments=&lineNumber=1&column=10078:0
[  120069ms] [LOG] [Fast Refresh] rebuilding @ webpack-internal:///./node_modules/next/dist/client/components/react-dev-overlay/pages/hot-reloader-client.js:221
[  120118ms] [WARNING] [Fast Refresh] performing full reload because your application had an unrecoverable error @ webpack-internal:///./node_modules/next/dist/client/components/react-dev-overlay/pages/hot-reloader-client.js:352
[  120373ms] [ERROR] Failed to load resource: the server responded with a status of 500 (Internal Server Error) @ http://localhost:3000/:0
[  121944ms] [ERROR] Failed to load resource: the server responded with a status of 500 (Internal Server Error) @ http://localhost:3000/_next/static/chunks/pages/_app.js:0
[  121944ms] [ERROR] Failed to load resource: the server responded with a status of 500 (Internal Server Error) @ http://localhost:3000/_next/static/chunks/main.js:0
[  121944ms] [ERROR] Failed to load resource: the server responded with a status of 500 (Internal Server Error) @ http://localhost:3000/_next/static/chunks/pages/_error.js:0
[  121944ms] [ERROR] Failed to load resource: the server responded with a status of 500 (Internal Server Error) @ http://localhost:3000/_next/static/chunks/react-refresh.js:0
